// Jest Snapshot v1, https://goo.gl/fbAQLP

exports[`Community Snapshot 1`] = `
Object {
  "asFragment": [Function],
  "baseElement": <body>
    <div>
      <main
        class="sc-bdVaJa aBmTA"
      >
        <h1
          class="sc-bwzfXH kWcKFk"
        >
          Community
        </h1>
        <p
          class="sc-bxivhb faZbih"
        >
          I have created a Discord server to allow users of Irish-Trad.net to interact with each other and discuss various topics regarding Irish Trad music.
        </p>
        <p
          class="sc-bxivhb faZbih"
        >
          To join the Irish-Trad.net Discord Server simply click the following Icon or Button:
        </p>
        <div
          class="sc-gZMcBi hLSPcS"
        >
          <a
            class="sc-dnqmqq bDsesi"
            href="https://discord.gg/Mq9jeA8"
            target="_blank"
          >
            <i
              class="fa"
            />
          </a>
          <a
            class="sc-htoDjs gjSkhw"
            href="https://discord.gg/Mq9jeA8"
            target="_blank"
          >
            <button
              class="sc-gqjmRU isyvva"
            >
              Click Here To Join Discord
            </button>
          </a>
        </div>
        <p
          class="sc-bxivhb faZbih"
        >
          Discord is a free platform that allows for live voice and text communication similar to Skype, Messenger and IRC channels of old.
        </p>
        <p
          class="sc-bxivhb faZbih"
        >
          To get an idea of what a Discord server looks like you can click the following Image:
        </p>
        <figure
          class="sc-ifAKCX hVeHwL"
        >
          <a
            class="sc-dnqmqq bDsesi"
            href="assets/discord.jpg"
            target="_blank"
          >
            <img
              alt="Screenshot of Discord"
              class="sc-VigVT kxLHnZ"
              src="assets/discord.jpg"
              title="Screenshot of Discord"
            />
          </a>
          <figcaption
            class="sc-bZQynM hJohEA"
          >
            Pictured: Screenshot of Irish-Trad Discord
          </figcaption>
        </figure>
        <p
          class="sc-bxivhb faZbih"
        >
          Clicking on one of the specific channels found on the left brings you into that chatroom were you can discuss that particular topic.
        </p>
        <p
          class="sc-bxivhb faZbih"
        >
          For more information about Discord you can visit the official Discord webpage here:
           
          <a
            class="sc-htoDjs gjSkhw"
            href="https://discordapp.com/"
            rel="noopener noreferrer"
            target="_blank"
          >
            Discord Website
          </a>
        </p>
        <p
          class="sc-bxivhb faZbih"
        >
          Discord can be accessed through any web browser and downloaded as an application on desktop and mobile.
        </p>
        <p
          class="sc-bxivhb faZbih"
        >
          The Discord icon can also be found in the footer of every page to make future access easier.
        </p>
      </main>
    </div>
  </body>,
  "container": <div>
    <main
      class="sc-bdVaJa aBmTA"
    >
      <h1
        class="sc-bwzfXH kWcKFk"
      >
        Community
      </h1>
      <p
        class="sc-bxivhb faZbih"
      >
        I have created a Discord server to allow users of Irish-Trad.net to interact with each other and discuss various topics regarding Irish Trad music.
      </p>
      <p
        class="sc-bxivhb faZbih"
      >
        To join the Irish-Trad.net Discord Server simply click the following Icon or Button:
      </p>
      <div
        class="sc-gZMcBi hLSPcS"
      >
        <a
          class="sc-dnqmqq bDsesi"
          href="https://discord.gg/Mq9jeA8"
          target="_blank"
        >
          <i
            class="fa"
          />
        </a>
        <a
          class="sc-htoDjs gjSkhw"
          href="https://discord.gg/Mq9jeA8"
          target="_blank"
        >
          <button
            class="sc-gqjmRU isyvva"
          >
            Click Here To Join Discord
          </button>
        </a>
      </div>
      <p
        class="sc-bxivhb faZbih"
      >
        Discord is a free platform that allows for live voice and text communication similar to Skype, Messenger and IRC channels of old.
      </p>
      <p
        class="sc-bxivhb faZbih"
      >
        To get an idea of what a Discord server looks like you can click the following Image:
      </p>
      <figure
        class="sc-ifAKCX hVeHwL"
      >
        <a
          class="sc-dnqmqq bDsesi"
          href="assets/discord.jpg"
          target="_blank"
        >
          <img
            alt="Screenshot of Discord"
            class="sc-VigVT kxLHnZ"
            src="assets/discord.jpg"
            title="Screenshot of Discord"
          />
        </a>
        <figcaption
          class="sc-bZQynM hJohEA"
        >
          Pictured: Screenshot of Irish-Trad Discord
        </figcaption>
      </figure>
      <p
        class="sc-bxivhb faZbih"
      >
        Clicking on one of the specific channels found on the left brings you into that chatroom were you can discuss that particular topic.
      </p>
      <p
        class="sc-bxivhb faZbih"
      >
        For more information about Discord you can visit the official Discord webpage here:
         
        <a
          class="sc-htoDjs gjSkhw"
          href="https://discordapp.com/"
          rel="noopener noreferrer"
          target="_blank"
        >
          Discord Website
        </a>
      </p>
      <p
        class="sc-bxivhb faZbih"
      >
        Discord can be accessed through any web browser and downloaded as an application on desktop and mobile.
      </p>
      <p
        class="sc-bxivhb faZbih"
      >
        The Discord icon can also be found in the footer of every page to make future access easier.
      </p>
    </main>
  </div>,
  "debug": [Function],
  "findAllByAltText": [Function],
  "findAllByDisplayValue": [Function],
  "findAllByLabelText": [Function],
  "findAllByPlaceholderText": [Function],
  "findAllByRole": [Function],
  "findAllByTestId": [Function],
  "findAllByText": [Function],
  "findAllByTitle": [Function],
  "findByAltText": [Function],
  "findByDisplayValue": [Function],
  "findByLabelText": [Function],
  "findByPlaceholderText": [Function],
  "findByRole": [Function],
  "findByTestId": [Function],
  "findByText": [Function],
  "findByTitle": [Function],
  "getAllByAltText": [Function],
  "getAllByDisplayValue": [Function],
  "getAllByLabelText": [Function],
  "getAllByPlaceholderText": [Function],
  "getAllByRole": [Function],
  "getAllByTestId": [Function],
  "getAllByText": [Function],
  "getAllByTitle": [Function],
  "getByAltText": [Function],
  "getByDisplayValue": [Function],
  "getByLabelText": [Function],
  "getByPlaceholderText": [Function],
  "getByRole": [Function],
  "getByTestId": [Function],
  "getByText": [Function],
  "getByTitle": [Function],
  "queryAllByAltText": [Function],
  "queryAllByDisplayValue": [Function],
  "queryAllByLabelText": [Function],
  "queryAllByPlaceholderText": [Function],
  "queryAllByRole": [Function],
  "queryAllByTestId": [Function],
  "queryAllByText": [Function],
  "queryAllByTitle": [Function],
  "queryByAltText": [Function],
  "queryByDisplayValue": [Function],
  "queryByLabelText": [Function],
  "queryByPlaceholderText": [Function],
  "queryByRole": [Function],
  "queryByTestId": [Function],
  "queryByText": [Function],
  "queryByTitle": [Function],
  "rerender": [Function],
  "unmount": [Function],
}
`;
