// Jest Snapshot v1, https://goo.gl/fbAQLP

exports[`Tablature Snapshot 1`] = `
Object {
  "asFragment": [Function],
  "baseElement": <body>
    <div>
      <h1
        class="sc-AxiKw leUPXD"
      >
        Tablature
      </h1>
      <section
        class="sc-fzpans bQzEru"
      >
        <p
          class="sc-AxhUy hNQDts"
        >
          For those more familiar with Tablature than standard music notation or ABC notation I have taken a number of tunes from TheSession.org and tabbed them out for both GDAE and GDAD.
        </p>
        <p
          class="sc-AxhUy hNQDts"
        >
          Clicking on each link below will open the file in a .pdf format.
        </p>
        <p
          class="sc-AxhUy hNQDts"
        >
          If you find these useful in anyway you should visit TheSession.org and consider donating to the website. It has stood as a beacon for sharing and educating on musicians on traditional irish music for many years.
        </p>
        <p
          class="sc-AxhUy hNQDts"
        >
          Donation Page for TheSession.org:
           
          <a
            class="sc-fzoLsD fLagOH"
            href="https://thesession.org/donate"
            target="_blank"
          >
            TheSession.org - Donation Page
          </a>
        </p>
      </section>
      <div
        class="sc-fznKkj fnXxfN"
      >
        <h1
          class="sc-AxiKw leUPXD"
        >
          GDAE
        </h1>
        <button
          class="sc-fzokOt dmIIkj"
        >
          Toggle Tuning
        </button>
        <input
          class="sc-fznZeY jVkIzH"
          placeholder="Search for Tune"
          type="text"
          value=""
        />
        <div
          class="sc-fzqBZW fQTBop"
        >
          <button
            class="sc-fzokOt dmIIkj"
          >
            Search
          </button>
          <button
            class="sc-fzokOt dmIIkj"
          >
            Reset
          </button>
        </div>
      </div>
      <h2
        class="sc-AxhCb cnpDMx"
      >
        Barndances - 
        GDAE
      </h2>
      <section
        class="sc-AxjAm kqfqxR"
      >
        <a
          class="sc-AxirZ eRyfdK"
          href="assets/tunes/pdf/GDAE/Barndance/L’Air Mignonne - X2.pdf"
          target="_blank"
        >
          L’Air Mignonne - X2
        </a>
        <a
          class="sc-AxirZ eRyfdK"
          href="assets/tunes/pdf/GDAE/Barndance/Wild Mountain Thyme - X1.pdf"
          target="_blank"
        >
          Wild Mountain Thyme - X1
        </a>
      </section>
      <h2
        class="sc-AxhCb cnpDMx"
      >
        Hornpipes - 
        GDAE
      </h2>
      <section
        class="sc-AxjAm kqfqxR"
      >
        <a
          class="sc-AxirZ eRyfdK"
          href="assets/tunes/pdf/GDAE/Hornpipe/O'Donnell's - X1.pdf"
          target="_blank"
        >
          O'Donnell's - X1
        </a>
        <a
          class="sc-AxirZ eRyfdK"
          href="assets/tunes/pdf/GDAE/Hornpipe/The Jolly Beggarman - X1.pdf"
          target="_blank"
        >
          The Jolly Beggarman - X1
        </a>
        <a
          class="sc-AxirZ eRyfdK"
          href="assets/tunes/pdf/GDAE/Hornpipe/The Jolly Beggarman - X2.pdf"
          target="_blank"
        >
          The Jolly Beggarman - X2
        </a>
      </section>
      <h2
        class="sc-AxhCb cnpDMx"
      >
        Jigs - 
        GDAE
      </h2>
      <section
        class="sc-AxjAm kqfqxR"
      >
        <a
          class="sc-AxirZ eRyfdK"
          href="assets/tunes/pdf/GDAE/Jig/Apples In Winter - X1.pdf"
          target="_blank"
        >
          Apples In Winter - X1
        </a>
        <a
          class="sc-AxirZ eRyfdK"
          href="assets/tunes/pdf/GDAE/Jig/Banish Misfortune - X1.pdf"
          target="_blank"
        >
          Banish Misfortune - X1
        </a>
        <a
          class="sc-AxirZ eRyfdK"
          href="assets/tunes/pdf/GDAE/Jig/Brian Boru's March - X1.pdf"
          target="_blank"
        >
          Brian Boru's March - X1
        </a>
        <a
          class="sc-AxirZ eRyfdK"
          href="assets/tunes/pdf/GDAE/Jig/Calliope House - X1.pdf"
          target="_blank"
        >
          Calliope House - X1
        </a>
        <a
          class="sc-AxirZ eRyfdK"
          href="assets/tunes/pdf/GDAE/Jig/Christy Barry's - X1.pdf"
          target="_blank"
        >
          Christy Barry's - X1
        </a>
        <a
          class="sc-AxirZ eRyfdK"
          href="assets/tunes/pdf/GDAE/Jig/Christy Barry's - X2.pdf"
          target="_blank"
        >
          Christy Barry's - X2
        </a>
        <a
          class="sc-AxirZ eRyfdK"
          href="assets/tunes/pdf/GDAE/Jig/Donnybrook Fair - X1.pdf"
          target="_blank"
        >
          Donnybrook Fair - X1
        </a>
        <a
          class="sc-AxirZ eRyfdK"
          href="assets/tunes/pdf/GDAE/Jig/Dusty Windowsills - X1.pdf"
          target="_blank"
        >
          Dusty Windowsills - X1
        </a>
        <a
          class="sc-AxirZ eRyfdK"
          href="assets/tunes/pdf/GDAE/Jig/Gallagher's Frolics - X1.pdf"
          target="_blank"
        >
          Gallagher's Frolics - X1
        </a>
        <a
          class="sc-AxirZ eRyfdK"
          href="assets/tunes/pdf/GDAE/Jig/Garrett Barry's - X1.pdf"
          target="_blank"
        >
          Garrett Barry's - X1
        </a>
        <a
          class="sc-AxirZ eRyfdK"
          href="assets/tunes/pdf/GDAE/Jig/Happy To Meet, Sorry To Part - X1.pdf"
          target="_blank"
        >
          Happy To Meet, Sorry To Part - X1
        </a>
        <a
          class="sc-AxirZ eRyfdK"
          href="assets/tunes/pdf/GDAE/Jig/Haste To The Wedding - X1.pdf"
          target="_blank"
        >
          Haste To The Wedding - X1
        </a>
        <a
          class="sc-AxirZ eRyfdK"
          href="assets/tunes/pdf/GDAE/Jig/I Buried My Wife And Danced On Her Grave - X1.pdf"
          target="_blank"
        >
          I Buried My Wife And Danced On Her Grave - X1
        </a>
        <a
          class="sc-AxirZ eRyfdK"
          href="assets/tunes/pdf/GDAE/Jig/Jimmy Ward's - X1.pdf"
          target="_blank"
        >
          Jimmy Ward's - X1
        </a>
        <a
          class="sc-AxirZ eRyfdK"
          href="assets/tunes/pdf/GDAE/Jig/Morrison’s - X1.pdf"
          target="_blank"
        >
          Morrison’s - X1
        </a>
        <a
          class="sc-AxirZ eRyfdK"
          href="assets/tunes/pdf/GDAE/Jig/My Darling Asleep - X1.pdf"
          target="_blank"
        >
          My Darling Asleep - X1
        </a>
        <a
          class="sc-AxirZ eRyfdK"
          href="assets/tunes/pdf/GDAE/Jig/Old Hag, You Have Killed Me - X1.pdf"
          target="_blank"
        >
          Old Hag, You Have Killed Me - X1
        </a>
        <a
          class="sc-AxirZ eRyfdK"
          href="assets/tunes/pdf/GDAE/Jig/Out On The Ocean - X1.pdf"
          target="_blank"
        >
          Out On The Ocean - X1
        </a>
        <a
          class="sc-AxirZ eRyfdK"
          href="assets/tunes/pdf/GDAE/Jig/Saddle The Pony - X1.pdf"
          target="_blank"
        >
          Saddle The Pony - X1
        </a>
        <a
          class="sc-AxirZ eRyfdK"
          href="assets/tunes/pdf/GDAE/Jig/Sliabh Russell - X1.pdf"
          target="_blank"
        >
          Sliabh Russell - X1
        </a>
        <a
          class="sc-AxirZ eRyfdK"
          href="assets/tunes/pdf/GDAE/Jig/The Atholl Highlanders - X1.pdf"
          target="_blank"
        >
          The Atholl Highlanders - X1
        </a>
        <a
          class="sc-AxirZ eRyfdK"
          href="assets/tunes/pdf/GDAE/Jig/The Battering Ram - X1.pdf"
          target="_blank"
        >
          The Battering Ram - X1
        </a>
        <a
          class="sc-AxirZ eRyfdK"
          href="assets/tunes/pdf/GDAE/Jig/The Blackthorn Stick - X1.pdf"
          target="_blank"
        >
          The Blackthorn Stick - X1
        </a>
        <a
          class="sc-AxirZ eRyfdK"
          href="assets/tunes/pdf/GDAE/Jig/The Blarney Pilgrim - X1.pdf"
          target="_blank"
        >
          The Blarney Pilgrim - X1
        </a>
        <a
          class="sc-AxirZ eRyfdK"
          href="assets/tunes/pdf/GDAE/Jig/The Cliffs Of Moher - X1.pdf"
          target="_blank"
        >
          The Cliffs Of Moher - X1
        </a>
        <a
          class="sc-AxirZ eRyfdK"
          href="assets/tunes/pdf/GDAE/Jig/The Coleraine - X1.pdf"
          target="_blank"
        >
          The Coleraine - X1
        </a>
        <a
          class="sc-AxirZ eRyfdK"
          href="assets/tunes/pdf/GDAE/Jig/The Connaughtman's Rambles - X1.pdf"
          target="_blank"
        >
          The Connaughtman's Rambles - X1
        </a>
        <a
          class="sc-AxirZ eRyfdK"
          href="assets/tunes/pdf/GDAE/Jig/The Frost Is All Over - X1.pdf"
          target="_blank"
        >
          The Frost Is All Over - X1
        </a>
        <a
          class="sc-AxirZ eRyfdK"
          href="assets/tunes/pdf/GDAE/Jig/The Geese In The Bog - X1.pdf"
          target="_blank"
        >
          The Geese In The Bog - X1
        </a>
        <a
          class="sc-AxirZ eRyfdK"
          href="assets/tunes/pdf/GDAE/Jig/The Hag At The Churn - X1.pdf"
          target="_blank"
        >
          The Hag At The Churn - X1
        </a>
        <a
          class="sc-AxirZ eRyfdK"
          href="assets/tunes/pdf/GDAE/Jig/The Humours Of Ballyloughlin - X1.pdf"
          target="_blank"
        >
          The Humours Of Ballyloughlin - X1
        </a>
        <a
          class="sc-AxirZ eRyfdK"
          href="assets/tunes/pdf/GDAE/Jig/The Humours Of Glendart - X1.pdf"
          target="_blank"
        >
          The Humours Of Glendart - X1
        </a>
        <a
          class="sc-AxirZ eRyfdK"
          href="assets/tunes/pdf/GDAE/Jig/The Humours Of Glendart - X2.pdf"
          target="_blank"
        >
          The Humours Of Glendart - X2
        </a>
        <a
          class="sc-AxirZ eRyfdK"
          href="assets/tunes/pdf/GDAE/Jig/The Irish Washerwoman - X1.pdf"
          target="_blank"
        >
          The Irish Washerwoman - X1
        </a>
        <a
          class="sc-AxirZ eRyfdK"
          href="assets/tunes/pdf/GDAE/Jig/The Jig Of Slurs - X1.pdf"
          target="_blank"
        >
          The Jig Of Slurs - X1
        </a>
        <a
          class="sc-AxirZ eRyfdK"
          href="assets/tunes/pdf/GDAE/Jig/The Kerfunten - X1.pdf"
          target="_blank"
        >
          The Kerfunten - X1
        </a>
        <a
          class="sc-AxirZ eRyfdK"
          href="assets/tunes/pdf/GDAE/Jig/The Kesh - X1.pdf"
          target="_blank"
        >
          The Kesh - X1
        </a>
        <a
          class="sc-AxirZ eRyfdK"
          href="assets/tunes/pdf/GDAE/Jig/The Lark In The Morning - X1.pdf"
          target="_blank"
        >
          The Lark In The Morning - X1
        </a>
        <a
          class="sc-AxirZ eRyfdK"
          href="assets/tunes/pdf/GDAE/Jig/The Lilting Banshee - X1.pdf"
          target="_blank"
        >
          The Lilting Banshee - X1
        </a>
        <a
          class="sc-AxirZ eRyfdK"
          href="assets/tunes/pdf/GDAE/Jig/The Mist Covered Mountain - X1.pdf"
          target="_blank"
        >
          The Mist Covered Mountain - X1
        </a>
        <a
          class="sc-AxirZ eRyfdK"
          href="assets/tunes/pdf/GDAE/Jig/The Monaghan - X1.pdf"
          target="_blank"
        >
          The Monaghan - X1
        </a>
        <a
          class="sc-AxirZ eRyfdK"
          href="assets/tunes/pdf/GDAE/Jig/The Old Favourite - X1.pdf"
          target="_blank"
        >
          The Old Favourite - X1
        </a>
        <a
          class="sc-AxirZ eRyfdK"
          href="assets/tunes/pdf/GDAE/Jig/The Pipe On The Hob - X1.pdf"
          target="_blank"
        >
          The Pipe On The Hob - X1
        </a>
        <a
          class="sc-AxirZ eRyfdK"
          href="assets/tunes/pdf/GDAE/Jig/The Rakes Of Kildare - X1.pdf"
          target="_blank"
        >
          The Rakes Of Kildare - X1
        </a>
        <a
          class="sc-AxirZ eRyfdK"
          href="assets/tunes/pdf/GDAE/Jig/The Roaring Barmaid - X1.pdf"
          target="_blank"
        >
          The Roaring Barmaid - X1
        </a>
        <a
          class="sc-AxirZ eRyfdK"
          href="assets/tunes/pdf/GDAE/Jig/The Rolling Waves - X1.pdf"
          target="_blank"
        >
          The Rolling Waves - X1
        </a>
        <a
          class="sc-AxirZ eRyfdK"
          href="assets/tunes/pdf/GDAE/Jig/The Rose In The Heather - X1.pdf"
          target="_blank"
        >
          The Rose In The Heather - X1
        </a>
        <a
          class="sc-AxirZ eRyfdK"
          href="assets/tunes/pdf/GDAE/Jig/The Strayaway Child - X1.pdf"
          target="_blank"
        >
          The Strayaway Child - X1
        </a>
        <a
          class="sc-AxirZ eRyfdK"
          href="assets/tunes/pdf/GDAE/Jig/The Swallowtail - X1.pdf"
          target="_blank"
        >
          The Swallowtail - X1
        </a>
        <a
          class="sc-AxirZ eRyfdK"
          href="assets/tunes/pdf/GDAE/Jig/The Swallowtail - X2.pdf"
          target="_blank"
        >
          The Swallowtail - X2
        </a>
        <a
          class="sc-AxirZ eRyfdK"
          href="assets/tunes/pdf/GDAE/Jig/The Tar Road To Sligo - X1.pdf"
          target="_blank"
        >
          The Tar Road To Sligo - X1
        </a>
        <a
          class="sc-AxirZ eRyfdK"
          href="assets/tunes/pdf/GDAE/Jig/The Tenpenny Bit - X1.pdf"
          target="_blank"
        >
          The Tenpenny Bit - X1
        </a>
        <a
          class="sc-AxirZ eRyfdK"
          href="assets/tunes/pdf/GDAE/Jig/The Trip To Sligo - X1.pdf"
          target="_blank"
        >
          The Trip To Sligo - X1
        </a>
        <a
          class="sc-AxirZ eRyfdK"
          href="assets/tunes/pdf/GDAE/Jig/The Trip To Sligo - X2.pdf"
          target="_blank"
        >
          The Trip To Sligo - X2
        </a>
        <a
          class="sc-AxirZ eRyfdK"
          href="assets/tunes/pdf/GDAE/Jig/The Trip To Sligo - X3.pdf"
          target="_blank"
        >
          The Trip To Sligo - X3
        </a>
        <a
          class="sc-AxirZ eRyfdK"
          href="assets/tunes/pdf/GDAE/Jig/This Is My Love, Do You Like Her - X1.pdf"
          target="_blank"
        >
          This Is My Love, Do You Like Her - X1
        </a>
        <a
          class="sc-AxirZ eRyfdK"
          href="assets/tunes/pdf/GDAE/Jig/Tobin's Favourite - X1.pdf"
          target="_blank"
        >
          Tobin's Favourite - X1
        </a>
        <a
          class="sc-AxirZ eRyfdK"
          href="assets/tunes/pdf/GDAE/Jig/Tripping Up The Stairs - Triplets.pdf"
          target="_blank"
        >
          Tripping Up The Stairs - Triplets
        </a>
        <a
          class="sc-AxirZ eRyfdK"
          href="assets/tunes/pdf/GDAE/Jig/Tripping Up The Stairs - X1.pdf"
          target="_blank"
        >
          Tripping Up The Stairs - X1
        </a>
        <a
          class="sc-AxirZ eRyfdK"
          href="assets/tunes/pdf/GDAE/Jig/Tripping Up The Stairs - X2.pdf"
          target="_blank"
        >
          Tripping Up The Stairs - X2
        </a>
        <a
          class="sc-AxirZ eRyfdK"
          href="assets/tunes/pdf/GDAE/Jig/Willie Coleman's - X1.pdf"
          target="_blank"
        >
          Willie Coleman's - X1
        </a>
      </section>
      <h2
        class="sc-AxhCb cnpDMx"
      >
        Marches - 
        GDAE
      </h2>
      <section
        class="sc-AxjAm kqfqxR"
      >
        <a
          class="sc-AxirZ eRyfdK"
          href="assets/tunes/pdf/GDAE/March/The Foggy Dew - Luke Kelly.pdf"
          target="_blank"
        >
          The Foggy Dew - Luke Kelly
        </a>
        <a
          class="sc-AxirZ eRyfdK"
          href="assets/tunes/pdf/GDAE/March/The Foggy Dew - X1.pdf"
          target="_blank"
        >
          The Foggy Dew - X1
        </a>
      </section>
      <h2
        class="sc-AxhCb cnpDMx"
      >
        Polkas - 
        GDAE
      </h2>
      <section
        class="sc-AxjAm kqfqxR"
      >
        <a
          class="sc-AxirZ eRyfdK"
          href="assets/tunes/pdf/GDAE/Polka/Gan Ainm - X1.pdf"
          target="_blank"
        >
          Gan Ainm - X1
        </a>
        <a
          class="sc-AxirZ eRyfdK"
          href="assets/tunes/pdf/GDAE/Polka/O'Neill's March - X1.pdf"
          target="_blank"
        >
          O'Neill's March - X1
        </a>
        <a
          class="sc-AxirZ eRyfdK"
          href="assets/tunes/pdf/GDAE/Polka/O'Neill's March - X2.pdf"
          target="_blank"
        >
          O'Neill's March - X2
        </a>
        <a
          class="sc-AxirZ eRyfdK"
          href="assets/tunes/pdf/GDAE/Polka/Oro Se De Bheath Abhaile - The Dubliners.pdf"
          target="_blank"
        >
          Oro Se De Bheath Abhaile - The Dubliners
        </a>
        <a
          class="sc-AxirZ eRyfdK"
          href="assets/tunes/pdf/GDAE/Polka/Oro Se De Bheath Abhaile - X1.pdf"
          target="_blank"
        >
          Oro Se De Bheath Abhaile - X1
        </a>
      </section>
      <h2
        class="sc-AxhCb cnpDMx"
      >
        Reels - 
        GDAE
      </h2>
      <section
        class="sc-AxjAm kqfqxR"
      >
        <a
          class="sc-AxirZ eRyfdK"
          href="assets/tunes/pdf/GDAE/Reel/Boil The Breakfast Early - X1.pdf"
          target="_blank"
        >
          Boil The Breakfast Early - X1
        </a>
        <a
          class="sc-AxirZ eRyfdK"
          href="assets/tunes/pdf/GDAE/Reel/Brenda Stubbert's - X1.pdf"
          target="_blank"
        >
          Brenda Stubbert's - X1
        </a>
        <a
          class="sc-AxirZ eRyfdK"
          href="assets/tunes/pdf/GDAE/Reel/Castle Kelly - X1.pdf"
          target="_blank"
        >
          Castle Kelly - X1
        </a>
        <a
          class="sc-AxirZ eRyfdK"
          href="assets/tunes/pdf/GDAE/Reel/Cavan Potholes - X1.pdf"
          target="_blank"
        >
          Cavan Potholes - X1
        </a>
        <a
          class="sc-AxirZ eRyfdK"
          href="assets/tunes/pdf/GDAE/Reel/Cooley's - Triplets.pdf"
          target="_blank"
        >
          Cooley's - Triplets
        </a>
        <a
          class="sc-AxirZ eRyfdK"
          href="assets/tunes/pdf/GDAE/Reel/Cooley's - X1.pdf"
          target="_blank"
        >
          Cooley's - X1
        </a>
        <a
          class="sc-AxirZ eRyfdK"
          href="assets/tunes/pdf/GDAE/Reel/Dowd's Favourite - X1.pdf"
          target="_blank"
        >
          Dowd's Favourite - X1
        </a>
        <a
          class="sc-AxirZ eRyfdK"
          href="assets/tunes/pdf/GDAE/Reel/Dowd's Favourite - X2.pdf"
          target="_blank"
        >
          Dowd's Favourite - X2
        </a>
        <a
          class="sc-AxirZ eRyfdK"
          href="assets/tunes/pdf/GDAE/Reel/Drowsy Maggie - Triplets.pdf"
          target="_blank"
        >
          Drowsy Maggie - Triplets
        </a>
        <a
          class="sc-AxirZ eRyfdK"
          href="assets/tunes/pdf/GDAE/Reel/Drowsy Maggie - X1.pdf"
          target="_blank"
        >
          Drowsy Maggie - X1
        </a>
        <a
          class="sc-AxirZ eRyfdK"
          href="assets/tunes/pdf/GDAE/Reel/Farewell To Ireland - X1.pdf"
          target="_blank"
        >
          Farewell To Ireland - X1
        </a>
        <a
          class="sc-AxirZ eRyfdK"
          href="assets/tunes/pdf/GDAE/Reel/Julia Delaney's - X1.pdf"
          target="_blank"
        >
          Julia Delaney's - X1
        </a>
        <a
          class="sc-AxirZ eRyfdK"
          href="assets/tunes/pdf/GDAE/Reel/Lurgan Park - X1.pdf"
          target="_blank"
        >
          Lurgan Park - X1
        </a>
        <a
          class="sc-AxirZ eRyfdK"
          href="assets/tunes/pdf/GDAE/Reel/MacLeod's Farewell - X1.pdf"
          target="_blank"
        >
          MacLeod's Farewell - X1
        </a>
        <a
          class="sc-AxirZ eRyfdK"
          href="assets/tunes/pdf/GDAE/Reel/MacLeod's Farewell - X1.pdf"
          target="_blank"
        >
          MacLeod's Farewell - X1
        </a>
        <a
          class="sc-AxirZ eRyfdK"
          href="assets/tunes/pdf/GDAE/Reel/Master Crowley's - X1.pdf"
          target="_blank"
        >
          Master Crowley's - X1
        </a>
        <a
          class="sc-AxirZ eRyfdK"
          href="assets/tunes/pdf/GDAE/Reel/Miss McLeod's - X1.pdf"
          target="_blank"
        >
          Miss McLeod's - X1
        </a>
        <a
          class="sc-AxirZ eRyfdK"
          href="assets/tunes/pdf/GDAE/Reel/Mulqueen's - X1.pdf"
          target="_blank"
        >
          Mulqueen's - X1
        </a>
        <a
          class="sc-AxirZ eRyfdK"
          href="assets/tunes/pdf/GDAE/Reel/Mulqueen's - X3.pdf"
          target="_blank"
        >
          Mulqueen's - X3
        </a>
        <a
          class="sc-AxirZ eRyfdK"
          href="assets/tunes/pdf/GDAE/Reel/Music For A Found Harmonium - X1.pdf"
          target="_blank"
        >
          Music For A Found Harmonium - X1
        </a>
        <a
          class="sc-AxirZ eRyfdK"
          href="assets/tunes/pdf/GDAE/Reel/Over The Moor To Maggie - X1.pdf"
          target="_blank"
        >
          Over The Moor To Maggie - X1
        </a>
        <a
          class="sc-AxirZ eRyfdK"
          href="assets/tunes/pdf/GDAE/Reel/Rakish Paddy - X1.pdf"
          target="_blank"
        >
          Rakish Paddy - X1
        </a>
        <a
          class="sc-AxirZ eRyfdK"
          href="assets/tunes/pdf/GDAE/Reel/Rolling In The Ryegrass - X1.pdf"
          target="_blank"
        >
          Rolling In The Ryegrass - X1
        </a>
        <a
          class="sc-AxirZ eRyfdK"
          href="assets/tunes/pdf/GDAE/Reel/Saint Anne's - X1.pdf"
          target="_blank"
        >
          Saint Anne's - X1
        </a>
        <a
          class="sc-AxirZ eRyfdK"
          href="assets/tunes/pdf/GDAE/Reel/Sporting Paddy - X1.pdf"
          target="_blank"
        >
          Sporting Paddy - X1
        </a>
        <a
          class="sc-AxirZ eRyfdK"
          href="assets/tunes/pdf/GDAE/Reel/Tam Lin - X1.pdf"
          target="_blank"
        >
          Tam Lin - X1
        </a>
        <a
          class="sc-AxirZ eRyfdK"
          href="assets/tunes/pdf/GDAE/Reel/The Ashplant - X1.pdf"
          target="_blank"
        >
          The Ashplant - X1
        </a>
        <a
          class="sc-AxirZ eRyfdK"
          href="assets/tunes/pdf/GDAE/Reel/The Banshee - X1.pdf"
          target="_blank"
        >
          The Banshee - X1
        </a>
        <a
          class="sc-AxirZ eRyfdK"
          href="assets/tunes/pdf/GDAE/Reel/The Boys Of Malin - X1.pdf"
          target="_blank"
        >
          The Boys Of Malin - X1
        </a>
        <a
          class="sc-AxirZ eRyfdK"
          href="assets/tunes/pdf/GDAE/Reel/The Bucks Of Oranmore - X1.pdf"
          target="_blank"
        >
          The Bucks Of Oranmore - X1
        </a>
        <a
          class="sc-AxirZ eRyfdK"
          href="assets/tunes/pdf/GDAE/Reel/The Cashmere Shawl - X1.pdf"
          target="_blank"
        >
          The Cashmere Shawl - X1
        </a>
        <a
          class="sc-AxirZ eRyfdK"
          href="assets/tunes/pdf/GDAE/Reel/The Clumsy Lover - X1.pdf"
          target="_blank"
        >
          The Clumsy Lover - X1
        </a>
        <a
          class="sc-AxirZ eRyfdK"
          href="assets/tunes/pdf/GDAE/Reel/The Concertina - X1.pdf"
          target="_blank"
        >
          The Concertina - X1
        </a>
        <a
          class="sc-AxirZ eRyfdK"
          href="assets/tunes/pdf/GDAE/Reel/The Congress - X1.pdf"
          target="_blank"
        >
          The Congress - X1
        </a>
        <a
          class="sc-AxirZ eRyfdK"
          href="assets/tunes/pdf/GDAE/Reel/The Cup Of Tea - X1.pdf"
          target="_blank"
        >
          The Cup Of Tea - X1
        </a>
        <a
          class="sc-AxirZ eRyfdK"
          href="assets/tunes/pdf/GDAE/Reel/The Derry Air - X1.pdf"
          target="_blank"
        >
          The Derry Air - X1
        </a>
        <a
          class="sc-AxirZ eRyfdK"
          href="assets/tunes/pdf/GDAE/Reel/The Derry Air - X2.pdf"
          target="_blank"
        >
          The Derry Air - X2
        </a>
        <a
          class="sc-AxirZ eRyfdK"
          href="assets/tunes/pdf/GDAE/Reel/Dunmore Lasses, The - X1.pdf"
          target="_blank"
        >
          The Dunmore Lasses - X1
        </a>
        <a
          class="sc-AxirZ eRyfdK"
          href="assets/tunes/pdf/GDAE/Reel/Earl's Chair, The - X1.pdf"
          target="_blank"
        >
          The Earl's Chair - X1
        </a>
        <a
          class="sc-AxirZ eRyfdK"
          href="assets/tunes/pdf/GDAE/Reel/The Foggy Dew - X1.pdf"
          target="_blank"
        >
          The Foggy Dew - X1
        </a>
        <a
          class="sc-AxirZ eRyfdK"
          href="assets/tunes/pdf/GDAE/Reel/Foxhunter, The - X1.pdf"
          target="_blank"
        >
          The Foxhunter - X1
        </a>
        <a
          class="sc-AxirZ eRyfdK"
          href="assets/tunes/pdf/GDAE/Reel/Glass Of Beer, The - X1.pdf"
          target="_blank"
        >
          The Glass Of Beer - X1
        </a>
        <a
          class="sc-AxirZ eRyfdK"
          href="assets/tunes/pdf/GDAE/Reel/The Gravel Walks - X1.pdf"
          target="_blank"
        >
          The Gravel Walks - X1
        </a>
        <a
          class="sc-AxirZ eRyfdK"
          href="assets/tunes/pdf/GDAE/Reel/The Honeymoon - X1.pdf"
          target="_blank"
        >
          The Honeymoon - X1
        </a>
        <a
          class="sc-AxirZ eRyfdK"
          href="assets/tunes/pdf/GDAE/Reel/Humours Of Tulla, The - X1.pdf"
          target="_blank"
        >
          The Humours Of Tulla - X1
        </a>
        <a
          class="sc-AxirZ eRyfdK"
          href="assets/tunes/pdf/GDAE/Reel/The Maid Behind The Bar - X1.pdf"
          target="_blank"
        >
          The Maid Behind The Bar - X1
        </a>
        <a
          class="sc-AxirZ eRyfdK"
          href="assets/tunes/pdf/GDAE/Reel/Maid Of Mount Kisco, The - X1.pdf"
          target="_blank"
        >
          The Maid Of Mount Kisco - X1
        </a>
        <a
          class="sc-AxirZ eRyfdK"
          href="assets/tunes/pdf/GDAE/Reel/Man Of The House, The - X1.pdf"
          target="_blank"
        >
          The Man Of The House - X1
        </a>
        <a
          class="sc-AxirZ eRyfdK"
          href="assets/tunes/pdf/GDAE/Reel/The Mason's Apron - X1.pdf"
          target="_blank"
        >
          The Mason's Apron - X1
        </a>
        <a
          class="sc-AxirZ eRyfdK"
          href="assets/tunes/pdf/GDAE/Reel/The Merry Blacksmith - X1.pdf"
          target="_blank"
        >
          The Merry Blacksmith - X1
        </a>
        <a
          class="sc-AxirZ eRyfdK"
          href="assets/tunes/pdf/GDAE/Reel/The Morning Dew - X1.pdf"
          target="_blank"
        >
          The Morning Dew - X1
        </a>
        <a
          class="sc-AxirZ eRyfdK"
          href="assets/tunes/pdf/GDAE/Reel/The Mountain Road - X1.pdf"
          target="_blank"
        >
          The Mountain Road - X1
        </a>
        <a
          class="sc-AxirZ eRyfdK"
          href="assets/tunes/pdf/GDAE/Reel/The Musical Priest - X1.pdf"
          target="_blank"
        >
          The Musical Priest - X1
        </a>
        <a
          class="sc-AxirZ eRyfdK"
          href="assets/tunes/pdf/GDAE/Reel/The Musical Priest - X2.pdf"
          target="_blank"
        >
          The Musical Priest - X2
        </a>
        <a
          class="sc-AxirZ eRyfdK"
          href="assets/tunes/pdf/GDAE/Reel/Otter's Holt, The - X1.pdf"
          target="_blank"
        >
          The Otter's Holt - X1
        </a>
        <a
          class="sc-AxirZ eRyfdK"
          href="assets/tunes/pdf/GDAE/Reel/Pigeon On The Gate, The - X1.pdf"
          target="_blank"
        >
          The Pigeon On The Gate - X1
        </a>
        <a
          class="sc-AxirZ eRyfdK"
          href="assets/tunes/pdf/GDAE/Reel/The Reel Of Rio - X2.pdf"
          target="_blank"
        >
          The Reel Of Rio - X2
        </a>
        <a
          class="sc-AxirZ eRyfdK"
          href="assets/tunes/pdf/GDAE/Reel/Salamanca, The - X1.pdf"
          target="_blank"
        >
          The Salamanca - X1
        </a>
        <a
          class="sc-AxirZ eRyfdK"
          href="assets/tunes/pdf/GDAE/Reel/Ships Are Sailing, The - X1.pdf"
          target="_blank"
        >
          The Ships Are Sailing - X1
        </a>
        <a
          class="sc-AxirZ eRyfdK"
          href="assets/tunes/pdf/GDAE/Reel/The Silver Spear - X1.pdf"
          target="_blank"
        >
          The Silver Spear - X1
        </a>
        <a
          class="sc-AxirZ eRyfdK"
          href="assets/tunes/pdf/GDAE/Reel/Sligo Maid, The - X1.pdf"
          target="_blank"
        >
          The Sligo Maid - X1
        </a>
        <a
          class="sc-AxirZ eRyfdK"
          href="assets/tunes/pdf/GDAE/Reel/The Star Of Munster - X1.pdf"
          target="_blank"
        >
          The Star Of Munster - X1
        </a>
        <a
          class="sc-AxirZ eRyfdK"
          href="assets/tunes/pdf/GDAE/Reel/Swallow's Tail, The - X1.pdf"
          target="_blank"
        >
          The Swallow's Tail - X1
        </a>
        <a
          class="sc-AxirZ eRyfdK"
          href="assets/tunes/pdf/GDAE/Reel/Tarbolton, The - X1.pdf"
          target="_blank"
        >
          The Tarbolton - X1
        </a>
        <a
          class="sc-AxirZ eRyfdK"
          href="assets/tunes/pdf/GDAE/Reel/Teetotallers, The - X1.pdf"
          target="_blank"
        >
          The Teetotallers - X1
        </a>
        <a
          class="sc-AxirZ eRyfdK"
          href="assets/tunes/pdf/GDAE/Reel/The Wind That Shakes The Barley - X1.pdf"
          target="_blank"
        >
          The Wind That Shakes The Barley - X1
        </a>
        <a
          class="sc-AxirZ eRyfdK"
          href="assets/tunes/pdf/GDAE/Reel/Wise Maid, The - X1.pdf"
          target="_blank"
        >
          The Wise Maid - X1
        </a>
        <a
          class="sc-AxirZ eRyfdK"
          href="assets/tunes/pdf/GDAE/Reel/Toss The Feathers - X1.pdf"
          target="_blank"
        >
          Toss The Feathers - X1
        </a>
      </section>
      <h2
        class="sc-AxhCb cnpDMx"
      >
        Slip-Jigs - 
        GDAE
      </h2>
      <section
        class="sc-AxjAm kqfqxR"
      >
        <a
          class="sc-AxirZ eRyfdK"
          href="assets/tunes/pdf/GDAE/Slip/Barney Brannigan - X1.pdf"
          target="_blank"
        >
          Barney Brannigan - X1
        </a>
        <a
          class="sc-AxirZ eRyfdK"
          href="assets/tunes/pdf/GDAE/Slip/The Butterfly - X1.pdf"
          target="_blank"
        >
          The Butterfly - X1
        </a>
        <a
          class="sc-AxirZ eRyfdK"
          href="assets/tunes/pdf/GDAE/Slip/The Rocky Road To Dublin - X1.pdf"
          target="_blank"
        >
          The Rocky Road To Dublin - X1
        </a>
      </section>
      <h2
        class="sc-AxhCb cnpDMx"
      >
        Waltzes - 
        GDAE
      </h2>
      <section
        class="sc-AxjAm kqfqxR"
      >
        <a
          class="sc-AxirZ eRyfdK"
          href="assets/tunes/pdf/GDAE/Waltz/Paddy's Green Shamrock Shore - X1.pdf"
          target="_blank"
        >
          Paddy's Green Shamrock Shore - X1
        </a>
        <a
          class="sc-AxirZ eRyfdK"
          href="assets/tunes/pdf/GDAE/Waltz/Paddy's Green Shamrock Shore - X2.pdf"
          target="_blank"
        >
          Paddy's Green Shamrock Shore - X2
        </a>
        <a
          class="sc-AxirZ eRyfdK"
          href="assets/tunes/pdf/GDAE/Waltz/Paddy's Green Shamrock Shore - X3.pdf"
          target="_blank"
        >
          Paddy's Green Shamrock Shore - X3
        </a>
        <a
          class="sc-AxirZ eRyfdK"
          href="assets/tunes/pdf/GDAE/Waltz/She Moved Through The Fair - X1.pdf"
          target="_blank"
        >
          She Moved Through The Fair - X1
        </a>
        <a
          class="sc-AxirZ eRyfdK"
          href="assets/tunes/pdf/GDAE/Waltz/She Moved Through The Fair - X2.pdf"
          target="_blank"
        >
          She Moved Through The Fair - X2
        </a>
        <a
          class="sc-AxirZ eRyfdK"
          href="assets/tunes/pdf/GDAE/Waltz/She Moved Through The Fair - X3.pdf"
          target="_blank"
        >
          She Moved Through The Fair - X3
        </a>
        <a
          class="sc-AxirZ eRyfdK"
          href="assets/tunes/pdf/GDAE/Waltz/Si Beag Si Mor - X1.pdf"
          target="_blank"
        >
          Si Beag Si Mor - X1
        </a>
      </section>
    </div>
  </body>,
  "container": <div>
    <h1
      class="sc-AxiKw leUPXD"
    >
      Tablature
    </h1>
    <section
      class="sc-fzpans bQzEru"
    >
      <p
        class="sc-AxhUy hNQDts"
      >
        For those more familiar with Tablature than standard music notation or ABC notation I have taken a number of tunes from TheSession.org and tabbed them out for both GDAE and GDAD.
      </p>
      <p
        class="sc-AxhUy hNQDts"
      >
        Clicking on each link below will open the file in a .pdf format.
      </p>
      <p
        class="sc-AxhUy hNQDts"
      >
        If you find these useful in anyway you should visit TheSession.org and consider donating to the website. It has stood as a beacon for sharing and educating on musicians on traditional irish music for many years.
      </p>
      <p
        class="sc-AxhUy hNQDts"
      >
        Donation Page for TheSession.org:
         
        <a
          class="sc-fzoLsD fLagOH"
          href="https://thesession.org/donate"
          target="_blank"
        >
          TheSession.org - Donation Page
        </a>
      </p>
    </section>
    <div
      class="sc-fznKkj fnXxfN"
    >
      <h1
        class="sc-AxiKw leUPXD"
      >
        GDAE
      </h1>
      <button
        class="sc-fzokOt dmIIkj"
      >
        Toggle Tuning
      </button>
      <input
        class="sc-fznZeY jVkIzH"
        placeholder="Search for Tune"
        type="text"
        value=""
      />
      <div
        class="sc-fzqBZW fQTBop"
      >
        <button
          class="sc-fzokOt dmIIkj"
        >
          Search
        </button>
        <button
          class="sc-fzokOt dmIIkj"
        >
          Reset
        </button>
      </div>
    </div>
    <h2
      class="sc-AxhCb cnpDMx"
    >
      Barndances - 
      GDAE
    </h2>
    <section
      class="sc-AxjAm kqfqxR"
    >
      <a
        class="sc-AxirZ eRyfdK"
        href="assets/tunes/pdf/GDAE/Barndance/L’Air Mignonne - X2.pdf"
        target="_blank"
      >
        L’Air Mignonne - X2
      </a>
      <a
        class="sc-AxirZ eRyfdK"
        href="assets/tunes/pdf/GDAE/Barndance/Wild Mountain Thyme - X1.pdf"
        target="_blank"
      >
        Wild Mountain Thyme - X1
      </a>
    </section>
    <h2
      class="sc-AxhCb cnpDMx"
    >
      Hornpipes - 
      GDAE
    </h2>
    <section
      class="sc-AxjAm kqfqxR"
    >
      <a
        class="sc-AxirZ eRyfdK"
        href="assets/tunes/pdf/GDAE/Hornpipe/O'Donnell's - X1.pdf"
        target="_blank"
      >
        O'Donnell's - X1
      </a>
      <a
        class="sc-AxirZ eRyfdK"
        href="assets/tunes/pdf/GDAE/Hornpipe/The Jolly Beggarman - X1.pdf"
        target="_blank"
      >
        The Jolly Beggarman - X1
      </a>
      <a
        class="sc-AxirZ eRyfdK"
        href="assets/tunes/pdf/GDAE/Hornpipe/The Jolly Beggarman - X2.pdf"
        target="_blank"
      >
        The Jolly Beggarman - X2
      </a>
    </section>
    <h2
      class="sc-AxhCb cnpDMx"
    >
      Jigs - 
      GDAE
    </h2>
    <section
      class="sc-AxjAm kqfqxR"
    >
      <a
        class="sc-AxirZ eRyfdK"
        href="assets/tunes/pdf/GDAE/Jig/Apples In Winter - X1.pdf"
        target="_blank"
      >
        Apples In Winter - X1
      </a>
      <a
        class="sc-AxirZ eRyfdK"
        href="assets/tunes/pdf/GDAE/Jig/Banish Misfortune - X1.pdf"
        target="_blank"
      >
        Banish Misfortune - X1
      </a>
      <a
        class="sc-AxirZ eRyfdK"
        href="assets/tunes/pdf/GDAE/Jig/Brian Boru's March - X1.pdf"
        target="_blank"
      >
        Brian Boru's March - X1
      </a>
      <a
        class="sc-AxirZ eRyfdK"
        href="assets/tunes/pdf/GDAE/Jig/Calliope House - X1.pdf"
        target="_blank"
      >
        Calliope House - X1
      </a>
      <a
        class="sc-AxirZ eRyfdK"
        href="assets/tunes/pdf/GDAE/Jig/Christy Barry's - X1.pdf"
        target="_blank"
      >
        Christy Barry's - X1
      </a>
      <a
        class="sc-AxirZ eRyfdK"
        href="assets/tunes/pdf/GDAE/Jig/Christy Barry's - X2.pdf"
        target="_blank"
      >
        Christy Barry's - X2
      </a>
      <a
        class="sc-AxirZ eRyfdK"
        href="assets/tunes/pdf/GDAE/Jig/Donnybrook Fair - X1.pdf"
        target="_blank"
      >
        Donnybrook Fair - X1
      </a>
      <a
        class="sc-AxirZ eRyfdK"
        href="assets/tunes/pdf/GDAE/Jig/Dusty Windowsills - X1.pdf"
        target="_blank"
      >
        Dusty Windowsills - X1
      </a>
      <a
        class="sc-AxirZ eRyfdK"
        href="assets/tunes/pdf/GDAE/Jig/Gallagher's Frolics - X1.pdf"
        target="_blank"
      >
        Gallagher's Frolics - X1
      </a>
      <a
        class="sc-AxirZ eRyfdK"
        href="assets/tunes/pdf/GDAE/Jig/Garrett Barry's - X1.pdf"
        target="_blank"
      >
        Garrett Barry's - X1
      </a>
      <a
        class="sc-AxirZ eRyfdK"
        href="assets/tunes/pdf/GDAE/Jig/Happy To Meet, Sorry To Part - X1.pdf"
        target="_blank"
      >
        Happy To Meet, Sorry To Part - X1
      </a>
      <a
        class="sc-AxirZ eRyfdK"
        href="assets/tunes/pdf/GDAE/Jig/Haste To The Wedding - X1.pdf"
        target="_blank"
      >
        Haste To The Wedding - X1
      </a>
      <a
        class="sc-AxirZ eRyfdK"
        href="assets/tunes/pdf/GDAE/Jig/I Buried My Wife And Danced On Her Grave - X1.pdf"
        target="_blank"
      >
        I Buried My Wife And Danced On Her Grave - X1
      </a>
      <a
        class="sc-AxirZ eRyfdK"
        href="assets/tunes/pdf/GDAE/Jig/Jimmy Ward's - X1.pdf"
        target="_blank"
      >
        Jimmy Ward's - X1
      </a>
      <a
        class="sc-AxirZ eRyfdK"
        href="assets/tunes/pdf/GDAE/Jig/Morrison’s - X1.pdf"
        target="_blank"
      >
        Morrison’s - X1
      </a>
      <a
        class="sc-AxirZ eRyfdK"
        href="assets/tunes/pdf/GDAE/Jig/My Darling Asleep - X1.pdf"
        target="_blank"
      >
        My Darling Asleep - X1
      </a>
      <a
        class="sc-AxirZ eRyfdK"
        href="assets/tunes/pdf/GDAE/Jig/Old Hag, You Have Killed Me - X1.pdf"
        target="_blank"
      >
        Old Hag, You Have Killed Me - X1
      </a>
      <a
        class="sc-AxirZ eRyfdK"
        href="assets/tunes/pdf/GDAE/Jig/Out On The Ocean - X1.pdf"
        target="_blank"
      >
        Out On The Ocean - X1
      </a>
      <a
        class="sc-AxirZ eRyfdK"
        href="assets/tunes/pdf/GDAE/Jig/Saddle The Pony - X1.pdf"
        target="_blank"
      >
        Saddle The Pony - X1
      </a>
      <a
        class="sc-AxirZ eRyfdK"
        href="assets/tunes/pdf/GDAE/Jig/Sliabh Russell - X1.pdf"
        target="_blank"
      >
        Sliabh Russell - X1
      </a>
      <a
        class="sc-AxirZ eRyfdK"
        href="assets/tunes/pdf/GDAE/Jig/The Atholl Highlanders - X1.pdf"
        target="_blank"
      >
        The Atholl Highlanders - X1
      </a>
      <a
        class="sc-AxirZ eRyfdK"
        href="assets/tunes/pdf/GDAE/Jig/The Battering Ram - X1.pdf"
        target="_blank"
      >
        The Battering Ram - X1
      </a>
      <a
        class="sc-AxirZ eRyfdK"
        href="assets/tunes/pdf/GDAE/Jig/The Blackthorn Stick - X1.pdf"
        target="_blank"
      >
        The Blackthorn Stick - X1
      </a>
      <a
        class="sc-AxirZ eRyfdK"
        href="assets/tunes/pdf/GDAE/Jig/The Blarney Pilgrim - X1.pdf"
        target="_blank"
      >
        The Blarney Pilgrim - X1
      </a>
      <a
        class="sc-AxirZ eRyfdK"
        href="assets/tunes/pdf/GDAE/Jig/The Cliffs Of Moher - X1.pdf"
        target="_blank"
      >
        The Cliffs Of Moher - X1
      </a>
      <a
        class="sc-AxirZ eRyfdK"
        href="assets/tunes/pdf/GDAE/Jig/The Coleraine - X1.pdf"
        target="_blank"
      >
        The Coleraine - X1
      </a>
      <a
        class="sc-AxirZ eRyfdK"
        href="assets/tunes/pdf/GDAE/Jig/The Connaughtman's Rambles - X1.pdf"
        target="_blank"
      >
        The Connaughtman's Rambles - X1
      </a>
      <a
        class="sc-AxirZ eRyfdK"
        href="assets/tunes/pdf/GDAE/Jig/The Frost Is All Over - X1.pdf"
        target="_blank"
      >
        The Frost Is All Over - X1
      </a>
      <a
        class="sc-AxirZ eRyfdK"
        href="assets/tunes/pdf/GDAE/Jig/The Geese In The Bog - X1.pdf"
        target="_blank"
      >
        The Geese In The Bog - X1
      </a>
      <a
        class="sc-AxirZ eRyfdK"
        href="assets/tunes/pdf/GDAE/Jig/The Hag At The Churn - X1.pdf"
        target="_blank"
      >
        The Hag At The Churn - X1
      </a>
      <a
        class="sc-AxirZ eRyfdK"
        href="assets/tunes/pdf/GDAE/Jig/The Humours Of Ballyloughlin - X1.pdf"
        target="_blank"
      >
        The Humours Of Ballyloughlin - X1
      </a>
      <a
        class="sc-AxirZ eRyfdK"
        href="assets/tunes/pdf/GDAE/Jig/The Humours Of Glendart - X1.pdf"
        target="_blank"
      >
        The Humours Of Glendart - X1
      </a>
      <a
        class="sc-AxirZ eRyfdK"
        href="assets/tunes/pdf/GDAE/Jig/The Humours Of Glendart - X2.pdf"
        target="_blank"
      >
        The Humours Of Glendart - X2
      </a>
      <a
        class="sc-AxirZ eRyfdK"
        href="assets/tunes/pdf/GDAE/Jig/The Irish Washerwoman - X1.pdf"
        target="_blank"
      >
        The Irish Washerwoman - X1
      </a>
      <a
        class="sc-AxirZ eRyfdK"
        href="assets/tunes/pdf/GDAE/Jig/The Jig Of Slurs - X1.pdf"
        target="_blank"
      >
        The Jig Of Slurs - X1
      </a>
      <a
        class="sc-AxirZ eRyfdK"
        href="assets/tunes/pdf/GDAE/Jig/The Kerfunten - X1.pdf"
        target="_blank"
      >
        The Kerfunten - X1
      </a>
      <a
        class="sc-AxirZ eRyfdK"
        href="assets/tunes/pdf/GDAE/Jig/The Kesh - X1.pdf"
        target="_blank"
      >
        The Kesh - X1
      </a>
      <a
        class="sc-AxirZ eRyfdK"
        href="assets/tunes/pdf/GDAE/Jig/The Lark In The Morning - X1.pdf"
        target="_blank"
      >
        The Lark In The Morning - X1
      </a>
      <a
        class="sc-AxirZ eRyfdK"
        href="assets/tunes/pdf/GDAE/Jig/The Lilting Banshee - X1.pdf"
        target="_blank"
      >
        The Lilting Banshee - X1
      </a>
      <a
        class="sc-AxirZ eRyfdK"
        href="assets/tunes/pdf/GDAE/Jig/The Mist Covered Mountain - X1.pdf"
        target="_blank"
      >
        The Mist Covered Mountain - X1
      </a>
      <a
        class="sc-AxirZ eRyfdK"
        href="assets/tunes/pdf/GDAE/Jig/The Monaghan - X1.pdf"
        target="_blank"
      >
        The Monaghan - X1
      </a>
      <a
        class="sc-AxirZ eRyfdK"
        href="assets/tunes/pdf/GDAE/Jig/The Old Favourite - X1.pdf"
        target="_blank"
      >
        The Old Favourite - X1
      </a>
      <a
        class="sc-AxirZ eRyfdK"
        href="assets/tunes/pdf/GDAE/Jig/The Pipe On The Hob - X1.pdf"
        target="_blank"
      >
        The Pipe On The Hob - X1
      </a>
      <a
        class="sc-AxirZ eRyfdK"
        href="assets/tunes/pdf/GDAE/Jig/The Rakes Of Kildare - X1.pdf"
        target="_blank"
      >
        The Rakes Of Kildare - X1
      </a>
      <a
        class="sc-AxirZ eRyfdK"
        href="assets/tunes/pdf/GDAE/Jig/The Roaring Barmaid - X1.pdf"
        target="_blank"
      >
        The Roaring Barmaid - X1
      </a>
      <a
        class="sc-AxirZ eRyfdK"
        href="assets/tunes/pdf/GDAE/Jig/The Rolling Waves - X1.pdf"
        target="_blank"
      >
        The Rolling Waves - X1
      </a>
      <a
        class="sc-AxirZ eRyfdK"
        href="assets/tunes/pdf/GDAE/Jig/The Rose In The Heather - X1.pdf"
        target="_blank"
      >
        The Rose In The Heather - X1
      </a>
      <a
        class="sc-AxirZ eRyfdK"
        href="assets/tunes/pdf/GDAE/Jig/The Strayaway Child - X1.pdf"
        target="_blank"
      >
        The Strayaway Child - X1
      </a>
      <a
        class="sc-AxirZ eRyfdK"
        href="assets/tunes/pdf/GDAE/Jig/The Swallowtail - X1.pdf"
        target="_blank"
      >
        The Swallowtail - X1
      </a>
      <a
        class="sc-AxirZ eRyfdK"
        href="assets/tunes/pdf/GDAE/Jig/The Swallowtail - X2.pdf"
        target="_blank"
      >
        The Swallowtail - X2
      </a>
      <a
        class="sc-AxirZ eRyfdK"
        href="assets/tunes/pdf/GDAE/Jig/The Tar Road To Sligo - X1.pdf"
        target="_blank"
      >
        The Tar Road To Sligo - X1
      </a>
      <a
        class="sc-AxirZ eRyfdK"
        href="assets/tunes/pdf/GDAE/Jig/The Tenpenny Bit - X1.pdf"
        target="_blank"
      >
        The Tenpenny Bit - X1
      </a>
      <a
        class="sc-AxirZ eRyfdK"
        href="assets/tunes/pdf/GDAE/Jig/The Trip To Sligo - X1.pdf"
        target="_blank"
      >
        The Trip To Sligo - X1
      </a>
      <a
        class="sc-AxirZ eRyfdK"
        href="assets/tunes/pdf/GDAE/Jig/The Trip To Sligo - X2.pdf"
        target="_blank"
      >
        The Trip To Sligo - X2
      </a>
      <a
        class="sc-AxirZ eRyfdK"
        href="assets/tunes/pdf/GDAE/Jig/The Trip To Sligo - X3.pdf"
        target="_blank"
      >
        The Trip To Sligo - X3
      </a>
      <a
        class="sc-AxirZ eRyfdK"
        href="assets/tunes/pdf/GDAE/Jig/This Is My Love, Do You Like Her - X1.pdf"
        target="_blank"
      >
        This Is My Love, Do You Like Her - X1
      </a>
      <a
        class="sc-AxirZ eRyfdK"
        href="assets/tunes/pdf/GDAE/Jig/Tobin's Favourite - X1.pdf"
        target="_blank"
      >
        Tobin's Favourite - X1
      </a>
      <a
        class="sc-AxirZ eRyfdK"
        href="assets/tunes/pdf/GDAE/Jig/Tripping Up The Stairs - Triplets.pdf"
        target="_blank"
      >
        Tripping Up The Stairs - Triplets
      </a>
      <a
        class="sc-AxirZ eRyfdK"
        href="assets/tunes/pdf/GDAE/Jig/Tripping Up The Stairs - X1.pdf"
        target="_blank"
      >
        Tripping Up The Stairs - X1
      </a>
      <a
        class="sc-AxirZ eRyfdK"
        href="assets/tunes/pdf/GDAE/Jig/Tripping Up The Stairs - X2.pdf"
        target="_blank"
      >
        Tripping Up The Stairs - X2
      </a>
      <a
        class="sc-AxirZ eRyfdK"
        href="assets/tunes/pdf/GDAE/Jig/Willie Coleman's - X1.pdf"
        target="_blank"
      >
        Willie Coleman's - X1
      </a>
    </section>
    <h2
      class="sc-AxhCb cnpDMx"
    >
      Marches - 
      GDAE
    </h2>
    <section
      class="sc-AxjAm kqfqxR"
    >
      <a
        class="sc-AxirZ eRyfdK"
        href="assets/tunes/pdf/GDAE/March/The Foggy Dew - Luke Kelly.pdf"
        target="_blank"
      >
        The Foggy Dew - Luke Kelly
      </a>
      <a
        class="sc-AxirZ eRyfdK"
        href="assets/tunes/pdf/GDAE/March/The Foggy Dew - X1.pdf"
        target="_blank"
      >
        The Foggy Dew - X1
      </a>
    </section>
    <h2
      class="sc-AxhCb cnpDMx"
    >
      Polkas - 
      GDAE
    </h2>
    <section
      class="sc-AxjAm kqfqxR"
    >
      <a
        class="sc-AxirZ eRyfdK"
        href="assets/tunes/pdf/GDAE/Polka/Gan Ainm - X1.pdf"
        target="_blank"
      >
        Gan Ainm - X1
      </a>
      <a
        class="sc-AxirZ eRyfdK"
        href="assets/tunes/pdf/GDAE/Polka/O'Neill's March - X1.pdf"
        target="_blank"
      >
        O'Neill's March - X1
      </a>
      <a
        class="sc-AxirZ eRyfdK"
        href="assets/tunes/pdf/GDAE/Polka/O'Neill's March - X2.pdf"
        target="_blank"
      >
        O'Neill's March - X2
      </a>
      <a
        class="sc-AxirZ eRyfdK"
        href="assets/tunes/pdf/GDAE/Polka/Oro Se De Bheath Abhaile - The Dubliners.pdf"
        target="_blank"
      >
        Oro Se De Bheath Abhaile - The Dubliners
      </a>
      <a
        class="sc-AxirZ eRyfdK"
        href="assets/tunes/pdf/GDAE/Polka/Oro Se De Bheath Abhaile - X1.pdf"
        target="_blank"
      >
        Oro Se De Bheath Abhaile - X1
      </a>
    </section>
    <h2
      class="sc-AxhCb cnpDMx"
    >
      Reels - 
      GDAE
    </h2>
    <section
      class="sc-AxjAm kqfqxR"
    >
      <a
        class="sc-AxirZ eRyfdK"
        href="assets/tunes/pdf/GDAE/Reel/Boil The Breakfast Early - X1.pdf"
        target="_blank"
      >
        Boil The Breakfast Early - X1
      </a>
      <a
        class="sc-AxirZ eRyfdK"
        href="assets/tunes/pdf/GDAE/Reel/Brenda Stubbert's - X1.pdf"
        target="_blank"
      >
        Brenda Stubbert's - X1
      </a>
      <a
        class="sc-AxirZ eRyfdK"
        href="assets/tunes/pdf/GDAE/Reel/Castle Kelly - X1.pdf"
        target="_blank"
      >
        Castle Kelly - X1
      </a>
      <a
        class="sc-AxirZ eRyfdK"
        href="assets/tunes/pdf/GDAE/Reel/Cavan Potholes - X1.pdf"
        target="_blank"
      >
        Cavan Potholes - X1
      </a>
      <a
        class="sc-AxirZ eRyfdK"
        href="assets/tunes/pdf/GDAE/Reel/Cooley's - Triplets.pdf"
        target="_blank"
      >
        Cooley's - Triplets
      </a>
      <a
        class="sc-AxirZ eRyfdK"
        href="assets/tunes/pdf/GDAE/Reel/Cooley's - X1.pdf"
        target="_blank"
      >
        Cooley's - X1
      </a>
      <a
        class="sc-AxirZ eRyfdK"
        href="assets/tunes/pdf/GDAE/Reel/Dowd's Favourite - X1.pdf"
        target="_blank"
      >
        Dowd's Favourite - X1
      </a>
      <a
        class="sc-AxirZ eRyfdK"
        href="assets/tunes/pdf/GDAE/Reel/Dowd's Favourite - X2.pdf"
        target="_blank"
      >
        Dowd's Favourite - X2
      </a>
      <a
        class="sc-AxirZ eRyfdK"
        href="assets/tunes/pdf/GDAE/Reel/Drowsy Maggie - Triplets.pdf"
        target="_blank"
      >
        Drowsy Maggie - Triplets
      </a>
      <a
        class="sc-AxirZ eRyfdK"
        href="assets/tunes/pdf/GDAE/Reel/Drowsy Maggie - X1.pdf"
        target="_blank"
      >
        Drowsy Maggie - X1
      </a>
      <a
        class="sc-AxirZ eRyfdK"
        href="assets/tunes/pdf/GDAE/Reel/Farewell To Ireland - X1.pdf"
        target="_blank"
      >
        Farewell To Ireland - X1
      </a>
      <a
        class="sc-AxirZ eRyfdK"
        href="assets/tunes/pdf/GDAE/Reel/Julia Delaney's - X1.pdf"
        target="_blank"
      >
        Julia Delaney's - X1
      </a>
      <a
        class="sc-AxirZ eRyfdK"
        href="assets/tunes/pdf/GDAE/Reel/Lurgan Park - X1.pdf"
        target="_blank"
      >
        Lurgan Park - X1
      </a>
      <a
        class="sc-AxirZ eRyfdK"
        href="assets/tunes/pdf/GDAE/Reel/MacLeod's Farewell - X1.pdf"
        target="_blank"
      >
        MacLeod's Farewell - X1
      </a>
      <a
        class="sc-AxirZ eRyfdK"
        href="assets/tunes/pdf/GDAE/Reel/MacLeod's Farewell - X1.pdf"
        target="_blank"
      >
        MacLeod's Farewell - X1
      </a>
      <a
        class="sc-AxirZ eRyfdK"
        href="assets/tunes/pdf/GDAE/Reel/Master Crowley's - X1.pdf"
        target="_blank"
      >
        Master Crowley's - X1
      </a>
      <a
        class="sc-AxirZ eRyfdK"
        href="assets/tunes/pdf/GDAE/Reel/Miss McLeod's - X1.pdf"
        target="_blank"
      >
        Miss McLeod's - X1
      </a>
      <a
        class="sc-AxirZ eRyfdK"
        href="assets/tunes/pdf/GDAE/Reel/Mulqueen's - X1.pdf"
        target="_blank"
      >
        Mulqueen's - X1
      </a>
      <a
        class="sc-AxirZ eRyfdK"
        href="assets/tunes/pdf/GDAE/Reel/Mulqueen's - X3.pdf"
        target="_blank"
      >
        Mulqueen's - X3
      </a>
      <a
        class="sc-AxirZ eRyfdK"
        href="assets/tunes/pdf/GDAE/Reel/Music For A Found Harmonium - X1.pdf"
        target="_blank"
      >
        Music For A Found Harmonium - X1
      </a>
      <a
        class="sc-AxirZ eRyfdK"
        href="assets/tunes/pdf/GDAE/Reel/Over The Moor To Maggie - X1.pdf"
        target="_blank"
      >
        Over The Moor To Maggie - X1
      </a>
      <a
        class="sc-AxirZ eRyfdK"
        href="assets/tunes/pdf/GDAE/Reel/Rakish Paddy - X1.pdf"
        target="_blank"
      >
        Rakish Paddy - X1
      </a>
      <a
        class="sc-AxirZ eRyfdK"
        href="assets/tunes/pdf/GDAE/Reel/Rolling In The Ryegrass - X1.pdf"
        target="_blank"
      >
        Rolling In The Ryegrass - X1
      </a>
      <a
        class="sc-AxirZ eRyfdK"
        href="assets/tunes/pdf/GDAE/Reel/Saint Anne's - X1.pdf"
        target="_blank"
      >
        Saint Anne's - X1
      </a>
      <a
        class="sc-AxirZ eRyfdK"
        href="assets/tunes/pdf/GDAE/Reel/Sporting Paddy - X1.pdf"
        target="_blank"
      >
        Sporting Paddy - X1
      </a>
      <a
        class="sc-AxirZ eRyfdK"
        href="assets/tunes/pdf/GDAE/Reel/Tam Lin - X1.pdf"
        target="_blank"
      >
        Tam Lin - X1
      </a>
      <a
        class="sc-AxirZ eRyfdK"
        href="assets/tunes/pdf/GDAE/Reel/The Ashplant - X1.pdf"
        target="_blank"
      >
        The Ashplant - X1
      </a>
      <a
        class="sc-AxirZ eRyfdK"
        href="assets/tunes/pdf/GDAE/Reel/The Banshee - X1.pdf"
        target="_blank"
      >
        The Banshee - X1
      </a>
      <a
        class="sc-AxirZ eRyfdK"
        href="assets/tunes/pdf/GDAE/Reel/The Boys Of Malin - X1.pdf"
        target="_blank"
      >
        The Boys Of Malin - X1
      </a>
      <a
        class="sc-AxirZ eRyfdK"
        href="assets/tunes/pdf/GDAE/Reel/The Bucks Of Oranmore - X1.pdf"
        target="_blank"
      >
        The Bucks Of Oranmore - X1
      </a>
      <a
        class="sc-AxirZ eRyfdK"
        href="assets/tunes/pdf/GDAE/Reel/The Cashmere Shawl - X1.pdf"
        target="_blank"
      >
        The Cashmere Shawl - X1
      </a>
      <a
        class="sc-AxirZ eRyfdK"
        href="assets/tunes/pdf/GDAE/Reel/The Clumsy Lover - X1.pdf"
        target="_blank"
      >
        The Clumsy Lover - X1
      </a>
      <a
        class="sc-AxirZ eRyfdK"
        href="assets/tunes/pdf/GDAE/Reel/The Concertina - X1.pdf"
        target="_blank"
      >
        The Concertina - X1
      </a>
      <a
        class="sc-AxirZ eRyfdK"
        href="assets/tunes/pdf/GDAE/Reel/The Congress - X1.pdf"
        target="_blank"
      >
        The Congress - X1
      </a>
      <a
        class="sc-AxirZ eRyfdK"
        href="assets/tunes/pdf/GDAE/Reel/The Cup Of Tea - X1.pdf"
        target="_blank"
      >
        The Cup Of Tea - X1
      </a>
      <a
        class="sc-AxirZ eRyfdK"
        href="assets/tunes/pdf/GDAE/Reel/The Derry Air - X1.pdf"
        target="_blank"
      >
        The Derry Air - X1
      </a>
      <a
        class="sc-AxirZ eRyfdK"
        href="assets/tunes/pdf/GDAE/Reel/The Derry Air - X2.pdf"
        target="_blank"
      >
        The Derry Air - X2
      </a>
      <a
        class="sc-AxirZ eRyfdK"
        href="assets/tunes/pdf/GDAE/Reel/Dunmore Lasses, The - X1.pdf"
        target="_blank"
      >
        The Dunmore Lasses - X1
      </a>
      <a
        class="sc-AxirZ eRyfdK"
        href="assets/tunes/pdf/GDAE/Reel/Earl's Chair, The - X1.pdf"
        target="_blank"
      >
        The Earl's Chair - X1
      </a>
      <a
        class="sc-AxirZ eRyfdK"
        href="assets/tunes/pdf/GDAE/Reel/The Foggy Dew - X1.pdf"
        target="_blank"
      >
        The Foggy Dew - X1
      </a>
      <a
        class="sc-AxirZ eRyfdK"
        href="assets/tunes/pdf/GDAE/Reel/Foxhunter, The - X1.pdf"
        target="_blank"
      >
        The Foxhunter - X1
      </a>
      <a
        class="sc-AxirZ eRyfdK"
        href="assets/tunes/pdf/GDAE/Reel/Glass Of Beer, The - X1.pdf"
        target="_blank"
      >
        The Glass Of Beer - X1
      </a>
      <a
        class="sc-AxirZ eRyfdK"
        href="assets/tunes/pdf/GDAE/Reel/The Gravel Walks - X1.pdf"
        target="_blank"
      >
        The Gravel Walks - X1
      </a>
      <a
        class="sc-AxirZ eRyfdK"
        href="assets/tunes/pdf/GDAE/Reel/The Honeymoon - X1.pdf"
        target="_blank"
      >
        The Honeymoon - X1
      </a>
      <a
        class="sc-AxirZ eRyfdK"
        href="assets/tunes/pdf/GDAE/Reel/Humours Of Tulla, The - X1.pdf"
        target="_blank"
      >
        The Humours Of Tulla - X1
      </a>
      <a
        class="sc-AxirZ eRyfdK"
        href="assets/tunes/pdf/GDAE/Reel/The Maid Behind The Bar - X1.pdf"
        target="_blank"
      >
        The Maid Behind The Bar - X1
      </a>
      <a
        class="sc-AxirZ eRyfdK"
        href="assets/tunes/pdf/GDAE/Reel/Maid Of Mount Kisco, The - X1.pdf"
        target="_blank"
      >
        The Maid Of Mount Kisco - X1
      </a>
      <a
        class="sc-AxirZ eRyfdK"
        href="assets/tunes/pdf/GDAE/Reel/Man Of The House, The - X1.pdf"
        target="_blank"
      >
        The Man Of The House - X1
      </a>
      <a
        class="sc-AxirZ eRyfdK"
        href="assets/tunes/pdf/GDAE/Reel/The Mason's Apron - X1.pdf"
        target="_blank"
      >
        The Mason's Apron - X1
      </a>
      <a
        class="sc-AxirZ eRyfdK"
        href="assets/tunes/pdf/GDAE/Reel/The Merry Blacksmith - X1.pdf"
        target="_blank"
      >
        The Merry Blacksmith - X1
      </a>
      <a
        class="sc-AxirZ eRyfdK"
        href="assets/tunes/pdf/GDAE/Reel/The Morning Dew - X1.pdf"
        target="_blank"
      >
        The Morning Dew - X1
      </a>
      <a
        class="sc-AxirZ eRyfdK"
        href="assets/tunes/pdf/GDAE/Reel/The Mountain Road - X1.pdf"
        target="_blank"
      >
        The Mountain Road - X1
      </a>
      <a
        class="sc-AxirZ eRyfdK"
        href="assets/tunes/pdf/GDAE/Reel/The Musical Priest - X1.pdf"
        target="_blank"
      >
        The Musical Priest - X1
      </a>
      <a
        class="sc-AxirZ eRyfdK"
        href="assets/tunes/pdf/GDAE/Reel/The Musical Priest - X2.pdf"
        target="_blank"
      >
        The Musical Priest - X2
      </a>
      <a
        class="sc-AxirZ eRyfdK"
        href="assets/tunes/pdf/GDAE/Reel/Otter's Holt, The - X1.pdf"
        target="_blank"
      >
        The Otter's Holt - X1
      </a>
      <a
        class="sc-AxirZ eRyfdK"
        href="assets/tunes/pdf/GDAE/Reel/Pigeon On The Gate, The - X1.pdf"
        target="_blank"
      >
        The Pigeon On The Gate - X1
      </a>
      <a
        class="sc-AxirZ eRyfdK"
        href="assets/tunes/pdf/GDAE/Reel/The Reel Of Rio - X2.pdf"
        target="_blank"
      >
        The Reel Of Rio - X2
      </a>
      <a
        class="sc-AxirZ eRyfdK"
        href="assets/tunes/pdf/GDAE/Reel/Salamanca, The - X1.pdf"
        target="_blank"
      >
        The Salamanca - X1
      </a>
      <a
        class="sc-AxirZ eRyfdK"
        href="assets/tunes/pdf/GDAE/Reel/Ships Are Sailing, The - X1.pdf"
        target="_blank"
      >
        The Ships Are Sailing - X1
      </a>
      <a
        class="sc-AxirZ eRyfdK"
        href="assets/tunes/pdf/GDAE/Reel/The Silver Spear - X1.pdf"
        target="_blank"
      >
        The Silver Spear - X1
      </a>
      <a
        class="sc-AxirZ eRyfdK"
        href="assets/tunes/pdf/GDAE/Reel/Sligo Maid, The - X1.pdf"
        target="_blank"
      >
        The Sligo Maid - X1
      </a>
      <a
        class="sc-AxirZ eRyfdK"
        href="assets/tunes/pdf/GDAE/Reel/The Star Of Munster - X1.pdf"
        target="_blank"
      >
        The Star Of Munster - X1
      </a>
      <a
        class="sc-AxirZ eRyfdK"
        href="assets/tunes/pdf/GDAE/Reel/Swallow's Tail, The - X1.pdf"
        target="_blank"
      >
        The Swallow's Tail - X1
      </a>
      <a
        class="sc-AxirZ eRyfdK"
        href="assets/tunes/pdf/GDAE/Reel/Tarbolton, The - X1.pdf"
        target="_blank"
      >
        The Tarbolton - X1
      </a>
      <a
        class="sc-AxirZ eRyfdK"
        href="assets/tunes/pdf/GDAE/Reel/Teetotallers, The - X1.pdf"
        target="_blank"
      >
        The Teetotallers - X1
      </a>
      <a
        class="sc-AxirZ eRyfdK"
        href="assets/tunes/pdf/GDAE/Reel/The Wind That Shakes The Barley - X1.pdf"
        target="_blank"
      >
        The Wind That Shakes The Barley - X1
      </a>
      <a
        class="sc-AxirZ eRyfdK"
        href="assets/tunes/pdf/GDAE/Reel/Wise Maid, The - X1.pdf"
        target="_blank"
      >
        The Wise Maid - X1
      </a>
      <a
        class="sc-AxirZ eRyfdK"
        href="assets/tunes/pdf/GDAE/Reel/Toss The Feathers - X1.pdf"
        target="_blank"
      >
        Toss The Feathers - X1
      </a>
    </section>
    <h2
      class="sc-AxhCb cnpDMx"
    >
      Slip-Jigs - 
      GDAE
    </h2>
    <section
      class="sc-AxjAm kqfqxR"
    >
      <a
        class="sc-AxirZ eRyfdK"
        href="assets/tunes/pdf/GDAE/Slip/Barney Brannigan - X1.pdf"
        target="_blank"
      >
        Barney Brannigan - X1
      </a>
      <a
        class="sc-AxirZ eRyfdK"
        href="assets/tunes/pdf/GDAE/Slip/The Butterfly - X1.pdf"
        target="_blank"
      >
        The Butterfly - X1
      </a>
      <a
        class="sc-AxirZ eRyfdK"
        href="assets/tunes/pdf/GDAE/Slip/The Rocky Road To Dublin - X1.pdf"
        target="_blank"
      >
        The Rocky Road To Dublin - X1
      </a>
    </section>
    <h2
      class="sc-AxhCb cnpDMx"
    >
      Waltzes - 
      GDAE
    </h2>
    <section
      class="sc-AxjAm kqfqxR"
    >
      <a
        class="sc-AxirZ eRyfdK"
        href="assets/tunes/pdf/GDAE/Waltz/Paddy's Green Shamrock Shore - X1.pdf"
        target="_blank"
      >
        Paddy's Green Shamrock Shore - X1
      </a>
      <a
        class="sc-AxirZ eRyfdK"
        href="assets/tunes/pdf/GDAE/Waltz/Paddy's Green Shamrock Shore - X2.pdf"
        target="_blank"
      >
        Paddy's Green Shamrock Shore - X2
      </a>
      <a
        class="sc-AxirZ eRyfdK"
        href="assets/tunes/pdf/GDAE/Waltz/Paddy's Green Shamrock Shore - X3.pdf"
        target="_blank"
      >
        Paddy's Green Shamrock Shore - X3
      </a>
      <a
        class="sc-AxirZ eRyfdK"
        href="assets/tunes/pdf/GDAE/Waltz/She Moved Through The Fair - X1.pdf"
        target="_blank"
      >
        She Moved Through The Fair - X1
      </a>
      <a
        class="sc-AxirZ eRyfdK"
        href="assets/tunes/pdf/GDAE/Waltz/She Moved Through The Fair - X2.pdf"
        target="_blank"
      >
        She Moved Through The Fair - X2
      </a>
      <a
        class="sc-AxirZ eRyfdK"
        href="assets/tunes/pdf/GDAE/Waltz/She Moved Through The Fair - X3.pdf"
        target="_blank"
      >
        She Moved Through The Fair - X3
      </a>
      <a
        class="sc-AxirZ eRyfdK"
        href="assets/tunes/pdf/GDAE/Waltz/Si Beag Si Mor - X1.pdf"
        target="_blank"
      >
        Si Beag Si Mor - X1
      </a>
    </section>
  </div>,
  "debug": [Function],
  "findAllByAltText": [Function],
  "findAllByDisplayValue": [Function],
  "findAllByLabelText": [Function],
  "findAllByPlaceholderText": [Function],
  "findAllByRole": [Function],
  "findAllByTestId": [Function],
  "findAllByText": [Function],
  "findAllByTitle": [Function],
  "findByAltText": [Function],
  "findByDisplayValue": [Function],
  "findByLabelText": [Function],
  "findByPlaceholderText": [Function],
  "findByRole": [Function],
  "findByTestId": [Function],
  "findByText": [Function],
  "findByTitle": [Function],
  "getAllByAltText": [Function],
  "getAllByDisplayValue": [Function],
  "getAllByLabelText": [Function],
  "getAllByPlaceholderText": [Function],
  "getAllByRole": [Function],
  "getAllByTestId": [Function],
  "getAllByText": [Function],
  "getAllByTitle": [Function],
  "getByAltText": [Function],
  "getByDisplayValue": [Function],
  "getByLabelText": [Function],
  "getByPlaceholderText": [Function],
  "getByRole": [Function],
  "getByTestId": [Function],
  "getByText": [Function],
  "getByTitle": [Function],
  "queryAllByAltText": [Function],
  "queryAllByDisplayValue": [Function],
  "queryAllByLabelText": [Function],
  "queryAllByPlaceholderText": [Function],
  "queryAllByRole": [Function],
  "queryAllByTestId": [Function],
  "queryAllByText": [Function],
  "queryAllByTitle": [Function],
  "queryByAltText": [Function],
  "queryByDisplayValue": [Function],
  "queryByLabelText": [Function],
  "queryByPlaceholderText": [Function],
  "queryByRole": [Function],
  "queryByTestId": [Function],
  "queryByText": [Function],
  "queryByTitle": [Function],
  "rerender": [Function],
  "unmount": [Function],
}
`;
